src/app/components/ui/accordion.tsx(4,37): error TS2307: Cannot find module '@radix-ui/react-accordion' or its corresponding type declarations.
src/app/components/ui/alert-dialog.tsx(4,39): error TS2307: Cannot find module '@radix-ui/react-alert-dialog' or its corresponding type declarations.
src/app/components/ui/calendar.tsx(5,27): error TS2307: Cannot find module 'react-day-picker' or its corresponding type declarations.
src/app/components/ui/calendar.tsx(63,22): error TS7031: Binding element 'className' implicitly has an 'any' type.
src/app/components/ui/calendar.tsx(66,23): error TS7031: Binding element 'className' implicitly has an 'any' type.
src/app/components/ui/carousel.tsx(6,8): error TS2307: Cannot find module 'embla-carousel-react' or its corresponding type declarations.
src/app/components/ui/chart.tsx(4,36): error TS2307: Cannot find module 'recharts' or its corresponding type declarations.
src/app/components/ui/chart.tsx(182,23): error TS7006: Parameter 'item' implicitly has an 'any' type.
src/app/components/ui/chart.tsx(182,29): error TS7006: Parameter 'index' implicitly has an 'any' type.
src/app/components/ui/chart.tsx(278,21): error TS7006: Parameter 'item' implicitly has an 'any' type.
src/app/components/ui/checkbox.tsx(4,36): error TS2307: Cannot find module '@radix-ui/react-checkbox' or its corresponding type declarations.
src/app/components/ui/collapsible.tsx(3,39): error TS2307: Cannot find module '@radix-ui/react-collapsible' or its corresponding type declarations.
src/app/components/ui/command.tsx(4,45): error TS2307: Cannot find module 'cmdk' or its corresponding type declarations.
src/app/components/ui/context-menu.tsx(4,39): error TS2307: Cannot find module '@radix-ui/react-context-menu' or its corresponding type declarations.
src/app/components/ui/drawer.tsx(4,43): error TS2307: Cannot find module 'vaul' or its corresponding type declarations.
src/app/components/ui/dropdown-menu.tsx(4,40): error TS2307: Cannot find module '@radix-ui/react-dropdown-menu' or its corresponding type declarations.
src/app/components/ui/form.tsx(14,8): error TS2307: Cannot find module 'react-hook-form' or its corresponding type declarations.
src/app/components/ui/hover-card.tsx(4,37): error TS2307: Cannot find module '@radix-ui/react-hover-card' or its corresponding type declarations.
src/app/components/ui/input-otp.tsx(4,43): error TS2307: Cannot find module 'input-otp' or its corresponding type declarations.
src/app/components/ui/input-otp.tsx(47,61): error TS2339: Property 'slots' does not exist on type '{}'.
src/app/components/ui/menubar.tsx(4,35): error TS2307: Cannot find module '@radix-ui/react-menubar' or its corresponding type declarations.
src/app/components/ui/navigation-menu.tsx(2,42): error TS2307: Cannot find module '@radix-ui/react-navigation-menu' or its corresponding type declarations.
src/app/components/ui/popover.tsx(4,35): error TS2307: Cannot find module '@radix-ui/react-popover' or its corresponding type declarations.
src/app/components/ui/radio-group.tsx(4,38): error TS2307: Cannot find module '@radix-ui/react-radio-group' or its corresponding type declarations.
src/app/components/ui/resizable.tsx(5,37): error TS2307: Cannot find module 'react-resizable-panels' or its corresponding type declarations.
src/app/components/ui/scroll-area.tsx(4,38): error TS2307: Cannot find module '@radix-ui/react-scroll-area' or its corresponding type declarations.
src/app/components/ui/select.tsx(4,34): error TS2307: Cannot find module '@radix-ui/react-select' or its corresponding type declarations.
src/app/components/ui/sonner.tsx(3,26): error TS2307: Cannot find module 'next-themes' or its corresponding type declarations.
src/app/components/ui/sonner.tsx(4,49): error TS2307: Cannot find module 'sonner' or its corresponding type declarations.
src/app/components/ui/switch.tsx(4,34): error TS2307: Cannot find module '@radix-ui/react-switch' or its corresponding type declarations.
src/app/components/ui/toggle-group.tsx(4,39): error TS2307: Cannot find module '@radix-ui/react-toggle-group' or its corresponding type declarations.
src/app/components/ui/toggle.tsx(4,34): error TS2307: Cannot find module '@radix-ui/react-toggle' or its corresponding type declarations.
src/app/components/ui/tooltip.tsx(4,35): error TS2307: Cannot find module '@radix-ui/react-tooltip' or its corresponding type declarations.
src/main.tsx(3,8): error TS2882: Cannot find module or type declarations for side-effect import of './index.css'.
